
[1m[46m RUN [49m[22m [36mv4.0.14 [39m[90mC:/Users/Jordan/.gemini/antigravity/scratch/west-wind[39m

node.exe : [90mstderr[2m | src/features/feed/components/Feed.test.tsx[2m > [22m[2mFeed[2m > [22m[2mrenders loading state initially
At line:1 char:1
+ & "C:\Program Files\nodejs/node.exe" "C:\Program Files\nodejs/node_mo ...
+ ~~~~~~~~~~~~~~~~~~~~~~~~~~~~~~~~~~~~~~~~~~~~~~~~~~~~~~~~~~~~~~~~~~~~~
    + CategoryInfo          : NotSpecified: ([90mstderr[2m...state initially:String) [], RemoteException
    + FullyQualifiedErrorId : NativeCommandError
 
[22m[39m[vitest] The vi.fn() mock did not use 'function' or 'class' in its implementation, see https://vitest.dev/api/vi#vi-spyon for examples.

[90mstderr[2m | src/features/feed/components/Feed.test.tsx[2m > [22m[2mFeed[2m > [22m[2mrenders posts after loading
[22m[39m[vitest] The vi.fn() mock did not use 'function' or 'class' in its implementation, see https://vitest.dev/api/vi#vi-spyon for examples.

 [31mÔØ»[39m src/features/feed/components/Feed.test.tsx [2m([22m[2m2 tests[22m[2m | [22m[31m2 failed[39m[2m)[22m[32m 24[2mms[22m[39m
[31m     [31m├ù[31m renders loading state initially[39m[32m 20[2mms[22m[39m
[31m     [31m├ù[31m renders posts after loading[39m[32m 3[2mms[22m[39m

[31mÔÄ»ÔÄ»ÔÄ»ÔÄ»ÔÄ»ÔÄ»ÔÄ»[39m[1m[41m Failed Tests 2 [49m[22m[31mÔÄ»ÔÄ»ÔÄ»ÔÄ»ÔÄ»ÔÄ»ÔÄ»[39m

[41m[1m FAIL [22m[49m src/features/feed/components/Feed.test.tsx[2m > [22mFeed[2m > [22mrenders loading state initially
[41m[1m FAIL [22m[49m src/features/feed/components/Feed.test.tsx[2m > [22mFeed[2m > [22mrenders posts after loading
[31m[1mTypeError[22m: () => value is not a constructor[39m
[36m [2mÔØ»[22m src/features/feed/components/Feed.tsx:[2m23:26[22m[39m
    [90m 21| [39m
    [90m 22| [39m    [34museEffect[39m(() [33m=>[39m {
    [90m 23| [39m        [35mconst[39m observer [33m=[39m [35mnew[39m [33mIntersectionObserver[39m(
    [90m   | [39m                         [31m^[39m
    [90m 24| [39m            (entries) [33m=>[39m {
    [90m 25| [39m                if (entries[0].isIntersecting && hasNextPage && !isFetÔÇª
[90m [2mÔØ»[22m Object.react_stack_bottom_frame node_modules/react-dom/cjs/react-dom-client.development.js:[2m25989:20[22m[39m
[90m [2mÔØ»[22m runWithFiberInDEV node_modules/react-dom/cjs/react-dom-client.development.js:[2m874:13[22m[39m
[90m [2mÔØ»[22m commitHookEffectListMount node_modules/react-dom/cjs/react-dom-client.development.js:[2m13249:29[22m[39m
[90m [2mÔØ»[22m commitHookPassiveMountEffects node_modules/react-dom/cjs/react-dom-client.development.js:[2m13336:11[22m[39m
[90m [2mÔØ»[22m commitPassiveMountOnFiber node_modules/react-dom/cjs/react-dom-client.development.js:[2m15484:13[22m[39m
[90m [2mÔØ»[22m recursivelyTraversePassiveMountEffects node_modules/react-dom/cjs/react-dom-client.development.js:[2m15439:11[22m[39m
[90m [2mÔØ»[22m commitPassiveMountOnFiber node_modules/react-dom/cjs/react-dom-client.development.js:[2m15718:11[22m[39m
[90m [2mÔØ»[22m recursivelyTraversePassiveMountEffects node_modules/react-dom/cjs/react-dom-client.development.js:[2m15439:11[22m[39m

[31m[2mÔÄ»ÔÄ»ÔÄ»ÔÄ»ÔÄ»ÔÄ»ÔÄ»ÔÄ»ÔÄ»ÔÄ»ÔÄ»ÔÄ»ÔÄ»ÔÄ»ÔÄ»ÔÄ»ÔÄ»ÔÄ»ÔÄ»ÔÄ»ÔÄ»ÔÄ»ÔÄ»ÔÄ»[1/2]ÔÄ»[22m[39m


[2m Test Files [22m [1m[31m1 failed[39m[22m[90m (1)[39m
[2m      Tests [22m [1m[31m2 failed[39m[22m[90m (2)[39m
[2m   Start at [22m 22:18:31
[2m   Duration [22m 11.55s[2m (transform 109ms, setup 1.43s, import 1.48s, tests 24ms, environment 8.11s)[22m

